******************************************************************************
                  TI ARM Linker PC v18.1.3                     
******************************************************************************
>> Linked Fri Sep 21 16:50:15 2018

OUTPUT FILE NAME:   <uartecho_CC3220SF_LAUNCHXL_tirtos_ccs.out>
ENTRY POINT SYMBOL: "_c_int00"  address: 01004be9


MEMORY CONFIGURATION

         name            origin    length      used     unused   attr    fill
----------------------  --------  ---------  --------  --------  ----  --------
  FLASH_HDR             01000000   000007ff  0000000c  000007f3  R  X
  FLASH                 01000800   000ff800  00006654  000f91ac  R  X
  SRAM                  20000000   00040000  000095e0  00036a20  RW X


SEGMENT ALLOCATION MAP

run origin  load origin   length   init length attrs members
----------  ----------- ---------- ----------- ----- -------
01000000    01000000    0000000c   0000000c    r--
  01000000    01000000    0000000c   0000000c    r-- .dbghdr
01000800    01000800    00006660   00006660    r-x
  01000800    01000800    0000003c   0000003c    r-- .resetVecs
  01000840    01000840    00005b12   00005b12    r-x .text
  01006354    01006354    000008c6   000008c6    r-- .const
  01006c20    01006c20    00000240   00000240    r-- .cinit
20000310    20000310    00008000   00000000    r--
  20000310    20000310    00008000   00000000    r-- .priheap
20008310    20008310    00000ed4   00000000    rw-
  20008310    20008310    00000824   00000000    rw- .bss
  20008b34    20008b34    000006b0   00000000    rw- .data
2003fc00    2003fc00    00000400   00000000    rw-
  2003fc00    2003fc00    00000400   00000000    rw- .stack


SECTION ALLOCATION MAP

 output                                  attributes/
section   page    origin      length       input sections
--------  ----  ----------  ----------   ----------------
.dbghdr    0    01000000    0000000c     
                  01000000    0000000c     CC3220SF_LAUNCHXL.obj (.dbghdr:retain)

.text      0    01000840    00005b12     
                  01000840    0000042c     driverlib.a : prcm.obj (.text:PRCMCC3200MCUInit)
                  01000c6c    00000278     drivers_cc32xx.aem4 : UARTCC32XX.oem4 (.text:UARTCC32XX_open)
                  01000ee4    00000158     dpl_cc32xx.aem4 : PowerCC32XX_tirtos.oem4 (.text:PowerCC32XX_sleepPolicy)
                  0100103c    00000150     drivers_cc32xx.aem4 : PowerCC32XX.oem4 (.text:parkPins)
                  0100118c    00000130     rtsv7M4_T_le_eabi.lib : strtol.c.obj (.text:strtol)
                  010012bc    00000004     dpl_cc32xx.aem4 : ClockP_tirtos.oem4 (.text:ClockP_getCpuFreq)
                  010012c0    00000130     sysbios.aem4 : BIOS.obj (.text:ti_sysbios_knl_Semaphore_pend__E)
                  010013f0    00000120     drivers_cc32xx.aem4 : UARTCC32XX.oem4 (.text:UARTCC32XX_close)
                  01001510    0000011c     sysbios.aem4 : BIOS.obj (.text:xdc_runtime_Startup_startMods__I)
                  0100162c    00000118     drivers_cc32xx.aem4 : PowerCC32XX.oem4 (.text:Power_sleep)
                  01001744    00000004     dpl_cc32xx.aem4 : ClockP_tirtos.oem4 (.text:ClockP_setTimeout)
                  01001748    00000110     sysbios.aem4 : BIOS.obj (.text:ti_sysbios_knl_Task_postInit__I)
                  01001858    00000104                  : BIOS.obj (.text:ti_sysbios_knl_Task_Instance_finalize__E)
                  0100195c    000000f0     drivers_cc32xx.aem4 : PWMTimerCC32XX.oem4 (.text:PWMTimerCC32XX_open)
                  01001a4c    000000ee                         : UARTCC32XX.oem4 (.text:UARTCC32XX_control)
                  01001b3a    00000006                         : PWMTimerCC32XX.oem4 (.text:PWMTimerCC32XX_control)
                  01001b40    000000ec     sysbios.aem4 : BIOS.obj (.text:pthread_create)
                  01001c2c    00000004     dpl_cc32xx.aem4 : ClockP_tirtos.oem4 (.text:ClockP_start)
                  01001c30    000000ec     sysbios.aem4 : BIOS.obj (.text:ti_sysbios_knl_Task_Instance_init__E)
                  01001d1c    00000004     dpl_cc32xx.aem4 : ClockP_tirtos.oem4 (.text:ClockP_stop)
                  01001d20    000000d0     sysbios.aem4 : BIOS.obj (.text:ti_sysbios_heaps_HeapMem_alloc__E)
                  01001df0    000000cc                  : m3_Hwi_asm.obj (.text:ti_sysbios_family_arm_m3_Hwi_dispatch__I)
                  01001ebc    000000c4     drivers_cc32xx.aem4 : PWMTimerCC32XX.oem4 (.text:PWMTimerCC32XX_stop)
                  01001f80    000000c4     sysbios.aem4 : BIOS.obj (.text:ti_sysbios_knl_Task_sleep__E)
                  01002044    000000c2     drivers_cc32xx.aem4 : UARTCC32XX.oem4 (.text:UARTCC32XX_write)
                  01002106    00000002                         : PWMTimerCC32XX.oem4 (.text:PWMTimerCC32XX_init)
                  01002108    000000bc     sysbios.aem4 : BIOS.obj (.text:xdc_runtime_Core_createObject__I)
                  010021c4    000000ba     drivers_cc32xx.aem4 : UARTCC32XX.oem4 (.text:UARTCC32XX_readPolling)
                  0100227e    000000ba                         : UARTCC32XX.oem4 (.text:readIsrTextBlocking)
                  01002338    000000b8                         : PWMTimerCC32XX.oem4 (.text:PWMTimerCC32XX_setDuty)
                  010023f0    000000b8                         : UARTCC32XX.oem4 (.text:initHw)
                  010024a8    000000b4                         : PowerCC32XX.oem4 (.text:restoreParkedPins)
                  0100255c    000000b0     uartecho.obj (.text:tfMiniRead_2)
                  0100260c    000000ae     drivers_cc32xx.aem4 : UARTCC32XX.oem4 (.text:readIsrTextCallback)
                  010026ba    000000aa                         : UARTCC32XX.oem4 (.text:readTaskBlocking)
                  01002764    000000a8                         : PowerCC32XX.oem4 (.text:PowerCC32XX_configureWakeup)
                  0100280c    000000a8     uartecho.obj (.text:mainThread)
                  010028b4    000000a8     drivers_cc32xx.aem4 : UARTCC32XX.oem4 (.text:readTaskCallback)
                  0100295c    000000a4                         : PWMTimerCC32XX.oem4 (.text:initHw)
                  01002a00    000000a4     sysbios.aem4 : BIOS.obj (.text:ti_sysbios_knl_Task_setPri__E)
                  01002aa4    000000a2     drivers_cc32xx.aem4 : UARTCC32XX.oem4 (.text:writeData)
                  01002b46    00000002                         : UARTCC32XX.oem4 (.text:UARTCC32XX_init)
                  01002b48    000000a0     auto_init.aem4 : auto_init.oem4 (.text)
                  01002be8    0000009c     sysbios.aem4 : BIOS.obj (.text:_pthread_removeThreadKeys)
                  01002c84    0000009c     rtsv7M4_T_le_eabi.lib : memcpy_t2.asm.obj (.text)
                  01002d20    00000098     drivers_cc32xx.aem4 : PWMTimerCC32XX.oem4 (.text:PWMTimerCC32XX_setPeriod)
                  01002db8    00000098     sysbios.aem4 : BIOS.obj (.text:ti_sysbios_family_arm_m3_Hwi_Instance_init__E)
                  01002e50    00000096     rtsv7M4_T_le_eabi.lib : ull_div_t2.asm.obj (.text)
                  01002ee6    00000002                           : _lock.c.obj (.text:_nop)
                  01002ee8    00000094     sysbios.aem4 : BIOS.obj (.text:ti_sysbios_knl_Task_exit__E)
                  01002f7c    00000090     drivers_cc32xx.aem4 : PowerCC32XX.oem4 (.text:restoreNVICRegs)
                  0100300c    00000004     dpl_cc32xx.aem4 : HwiP_tirtos.oem4 (.text:HwiP_disable)
                  01003010    00000090     sysbios.aem4 : BIOS.obj (.text:ti_sysbios_knl_Task_Module_startup__E)
                  010030a0    00000090                  : BIOS.obj (.text:ti_sysbios_knl_Task_schedule__I)
                  01003130    00000090                  : BIOS.obj (.text:ti_sysbios_knl_Task_startCore__E)
                  010031c0    0000008e     drivers_cc32xx.aem4 : UARTCC32XX.oem4 (.text:readIsrBinaryBlocking)
                  0100324e    00000002     rtsv7M4_T_le_eabi.lib : div0.asm.obj (.text)
                  01003250    0000008c     sysbios.aem4 : BIOS.obj (.text:xdc_runtime_Memory_alloc__E)
                  010032dc    00000088     drivers_cc32xx.aem4 : PWMTimerCC32XX.oem4 (.text:PWMTimerCC32XX_close)
                  01003364    00000004     dpl_cc32xx.aem4 : SemaphoreP_tirtos.oem4 (.text:SemaphoreP_post)
                  01003368    00000088     sysbios.aem4 : BIOS.obj (.text:ti_sysbios_family_arm_m3_Hwi_initNVIC__E)
                  010033f0    00000086                  : BIOS.obj (.text:xdc_runtime_Core_constructObject__I)
                  01003476    00000002     release_pem4.oem4 (.text:ti_sysbios_BIOS_nullFunc__I)
                  01003478    00000084     drivers_cc32xx.aem4 : PowerCC32XX.oem4 (.text:Power_init)
                  010034fc    00000084                         : PowerCC32XX.oem4 (.text:saveNVICRegs)
                  01003580    00000084     sysbios.aem4 : BIOS.obj (.text:ti_sysbios_family_arm_m3_Hwi_postInit__I)
                  01003604    00000004     release_pem4.oem4 (.text:ti_sysbios_BIOS_RtsGateProxy_enter__E)
                  01003608    00000084     sysbios.aem4 : BIOS.obj (.text:ti_sysbios_heaps_HeapMem_free__E)
                  0100368c    00000080     drivers_cc32xx.aem4 : PowerCC32XX.oem4 (.text:Power_setDependency)
                  0100370c    00000080                         : UARTCC32XX.oem4 (.text:readIsrBinaryCallback)
                  0100378c    0000007a     rtsv7M4_T_le_eabi.lib : memset_t2.asm.obj (.text)
                  01003806    00000002     release_pem4.oem4 (.text:xdc_runtime_Startup_reset__I)
                  01003808    00000078     sysbios.aem4 : BIOS.obj (.text:_pthread_runStub)
                  01003880    00000074     drivers_cc32xx.aem4 : UARTCC32XX.oem4 (.text:UARTCC32XX_hwiIntFxn)
                  010038f4    00000004     release_pem4.oem4 (.text:ti_sysbios_BIOS_RtsGateProxy_leave__E)
                  010038f8    00000074     sysbios.aem4 : BIOS.obj (.text:xdc_runtime_Core_deleteObject__I)
                  0100396c    00000070     uartecho.obj (.text:byrjaServo)
                  010039dc    00000004     release_pem4.oem4 (.text:ti_sysbios_family_arm_m3_Hwi_delete)
                  010039e0    00000070     sysbios.aem4 : BIOS.obj (.text:ti_sysbios_heaps_HeapMem_initPrimary__I)
                  01003a50    00000070                  : BIOS.obj (.text:ti_sysbios_knl_Clock_workFunc__E)
                  01003ac0    0000006c                  : BIOS.obj (.text:pthread_exit)
                  01003b2c    00000004     release_pem4.oem4 (.text:ti_sysbios_family_arm_m3_TaskSupport_Module__startupDone__S)
                  01003b30    0000006c     sysbios.aem4 : BIOS.obj (.text:ti_sysbios_knl_Swi_restoreHwi__E)
                  01003b9c    00000068     drivers_cc32xx.aem4 : PWMTimerCC32XX.oem4 (.text:PWMTimerCC32XX_start)
                  01003c04    00000068     rtsv7M4_T_le_eabi.lib : copy_decompress_lzss.c.obj (.text:decompress:lzss:__TI_decompress_lzss)
                  01003c6c    00000068     main_tirtos.obj (.text:main)
                  01003cd4    00000066     drivers_cc32xx.aem4 : UARTCC32XX.oem4 (.text:UARTCC32XX_writeCancel)
                  01003d3a    00000002     --HOLE-- [fill = 0]
                  01003d3c    00000064                         : PowerCC32XX.oem4 (.text:PowerCC32XX_setParkState)
                  01003da0    00000064     uartecho.obj (.text:byrjaUart)
                  01003e04    00000004     release_pem4.oem4 (.text:ti_sysbios_heaps_HeapMem_Module_GateProxy_enter__E)
                  01003e08    00000064     sysbios.aem4 : BIOS.obj (.text:ti_sysbios_family_arm_m3_Hwi_dispatchC__I)
                  01003e6c    00000062     drivers_cc32xx.aem4 : UARTCC32XX.oem4 (.text:UARTCC32XX_writePolling)
                  01003ece    00000002     --HOLE-- [fill = 0]
                  01003ed0    00000060     driverlib.a : prcm.obj (.text:PRCMSysResetCauseGet)
                  01003f30    00000060     sysbios.aem4 : BIOS.obj (.text:ti_sysbios_knl_Semaphore_post__E)
                  01003f90    00000060                  : BIOS.obj (.text:ti_sysbios_knl_Swi_run__I)
                  01003ff0    0000005c                  : BIOS.obj (.text:ti_sysbios_family_arm_m3_Timer_start__E)
                  0100404c    00000004     release_pem4.oem4 (.text:ti_sysbios_heaps_HeapMem_Module_GateProxy_leave__E)
                  01004050    0000005c     sysbios.aem4 : BIOS.obj (.text:ti_sysbios_knl_Swi_schedule__I)
                  010040ac    00000004     release_pem4.oem4 (.text:ti_sysbios_knl_Clock_TimerProxy_getMaxTicks__E)
                  010040b0    0000005c     sysbios.aem4 : BIOS.obj (.text:ti_sysbios_knl_Task_unblockI__E)
                  0100410c    00000004     release_pem4.oem4 (.text:ti_sysbios_knl_Clock_TimerProxy_setPeriodMicroSecs__E)
                  01004110    0000005c     sysbios.aem4 : BIOS.obj (.text:xdc_runtime_Startup_exec__E)
                  0100416c    00000058     driverlib.a : prcm.obj (.text:PRCMPeripheralReset)
                  010041c4    00000058     drivers_cc32xx.aem4 : PowerCC32XX.oem4 (.text:Power_releaseDependency)
                  0100421c    00000054     release_pem4.oem4 (.text:ti_sysbios_family_arm_m3_Hwi_create)
                  01004270    00000054     sysbios.aem4 : BIOS.obj (.text:ti_sysbios_family_arm_m3_Timer_setPeriod__E)
                  010042c4    00000004     release_pem4.oem4 (.text:ti_sysbios_knl_Clock_TimerProxy_start__E)
                  010042c8    00000054     sysbios.aem4 : BIOS.obj (.text:xdc_runtime_Core_assignLabel__I)
                  0100431c    00000052     drivers_cc32xx.aem4 : PowerCC32XX.oem4 (.text:PowerCC32XX_parkPin)
                  0100436e    00000052                         : PowerCC32XX_asm.oem4 (.text:PowerCC32XX_resumeLPDS)
                  010043c0    00000050     dpl_cc32xx.aem4 : ClockP_tirtos.oem4 (.text:ClockP_create)
                  01004410    00000050     drivers_cc32xx.aem4 : TimerCC32XX.oem4 (.text:TimerCC32XX_allocateTimerResource)
                  01004460    00000050     sysbios.aem4 : BIOS.obj (.text:ti_sysbios_family_arm_m3_Hwi_Module_startup__E)
                  010044b0    00000050                  : BIOS.obj (.text:ti_sysbios_knl_Clock_Instance_init__E)
                  01004500    00000050     release_pem4.oem4 (.text:ti_sysbios_knl_Task_create)
                  01004550    0000004c     rtsv7M4_T_le_eabi.lib : cpy_tbl.c.obj (.text:copy_in)
                  0100459c    0000004c     drivers_cc32xx.aem4 : PWMTimerCC32XX.oem4 (.text:getDutyCounts)
                  010045e8    0000004c                         : PWMTimerCC32XX.oem4 (.text:getPeriodCounts)
                  01004634    0000004c                         : PowerCC32XX.oem4 (.text:restorePeriphClocks)
                  01004680    0000004c     sysbios.aem4 : m3_TaskSupport_asm.obj (.text:ti_sysbios_family_arm_m3_TaskSupport_buildTaskStack)
                  010046cc    00000004     release_pem4.oem4 (.text:ti_sysbios_knl_Clock_TimerProxy_stop__E)
                  010046d0    0000004c     sysbios.aem4 : BIOS.obj (.text:ti_sysbios_heaps_HeapMem_getStats__E)
                  0100471c    00000004     release_pem4.oem4 (.text:ti_sysbios_knl_Clock_delete)
                  01004720    0000004c     sysbios.aem4 : BIOS.obj (.text:ti_sysbios_knl_Swi_runLoop__I)
                  0100476c    00000004     release_pem4.oem4 (.text:ti_sysbios_knl_Semaphore_delete)
                  01004770    0000004c     sysbios.aem4 : BIOS.obj (.text:ti_sysbios_knl_Task_allBlockedFunction__I)
                  010047bc    00000048     driverlib.a : flash.obj (.text:FlashDisable)
                  01004804    00000048                 : prcm.obj (.text:PRCMLPDSEnter)
                  0100484c    00000048                 : prcm.obj (.text:PRCMPeripheralClkEnable)
                  01004894    00000048     drivers_cc32xx.aem4 : PowerCC32XX.oem4 (.text:Power_releaseConstraint)
                  010048dc    00000004     release_pem4.oem4 (.text:ti_sysbios_knl_Task_delete)
                  010048e0    00000048     sysbios.aem4 : BIOS.obj (.text:ti_sysbios_family_arm_m3_Hwi_disableInterrupt__E)
                  01004928    00000048                  : BIOS.obj (.text:ti_sysbios_family_arm_m3_Hwi_enableInterrupt__E)
                  01004970    00000048                  : m3_Hwi_asm_switch.obj (.text:ti_sysbios_family_arm_m3_Hwi_initStacks__E)
                  010049b8    00000048                  : BIOS.obj (.text:ti_sysbios_family_arm_m3_Timer_initDevice__I)
                  01004a00    00000048                  : BIOS.obj (.text:ti_sysbios_knl_Mailbox_Module_startup__E)
                  01004a48    00000048                  : BIOS.obj (.text:xdc_runtime_Core_assignParams__I)
                  01004a90    00000046     drivers_cc32xx.aem4 : RingBuf.oem4 (.text:RingBuf_put)
                  01004ad6    00000002     --HOLE-- [fill = 0]
                  01004ad8    00000044     driverlib.a : prcm.obj (.text:PRCMLPDSRestoreInfoSet)
                  01004b1c    00000044     drivers_cc32xx.aem4 : PWM.oem4 (.text:PWM_init)
                  01004b60    00000044                         : PowerCC32XX_asm.oem4 (.text:PowerCC32XX_enterLPDS)
                  01004ba4    00000044                         : UART.oem4 (.text:UART_init)
                  01004be8    00000044     boot.aem4 : boot.oem4 (.text)
                  01004c2c    00000004     release_pem4.oem4 (.text:xdc_runtime_System_Module_GateProxy_enter__E)
                  01004c30    00000044     sysbios.aem4 : BIOS.obj (.text:ti_sysbios_family_arm_m3_Hwi_getStackInfo__E)
                  01004c74    00000004     release_pem4.oem4 (.text:xdc_runtime_System_Module_GateProxy_leave__E)
                  01004c78    00000044     sysbios.aem4 : BIOS.obj (.text:ti_sysbios_knl_Mailbox_postInit__I)
                  01004cbc    00000004     --HOLE-- [fill = 0]
                  01004cc0    00000044                  : BIOS.obj (.text:ti_sysbios_knl_Swi_post__E)
                  01004d04    00000004     --HOLE-- [fill = 0]
                  01004d08    00000044                  : BIOS.obj (.text:xdc_runtime_System_atexit__E)
                  01004d4c    00000040     dpl_cc32xx.aem4 : HwiP_tirtos.oem4 (.text:HwiP_create)
                  01004d8c    00000040     driverlib.a : pin.obj (.text:PinModeSet)
                  01004dcc    00000040     drivers_cc32xx.aem4 : RingBuf.oem4 (.text:RingBuf_get)
                  01004e0c    00000040                         : UARTCC32XX.oem4 (.text:UARTCC32XX_read)
                  01004e4c    00000004     --HOLE-- [fill = 0]
                  01004e50    00000040     sysbios.aem4 : BIOS.obj (.text:ti_sysbios_heaps_HeapMem_Instance_init__E)
                  01004e90    0000003c     drivers_cc32xx.aem4 : PWM.oem4 (.text:PWM_open)
                  01004ecc    0000003c                         : PowerCC32XX.oem4 (.text:Power_setConstraint)
                  01004f08    0000003c     dpl_cc32xx.aem4 : SemaphoreP_tirtos.oem4 (.text:SemaphoreP_create)
                  01004f44    0000003c     drivers_cc32xx.aem4 : UART.oem4 (.text:UART_open)
                  01004f80    0000003c     dpl_cc32xx.aem4 : PowerCC32XX_tirtos.oem4 (.text:getCountsRTC)
                  01004fbc    00000004     --HOLE-- [fill = 0]
                  01004fc0    0000003c     sysbios.aem4 : BIOS.obj (.text:ti_sysbios_family_arm_m3_Hwi_Instance_finalize__E)
                  01004ffc    00000004     --HOLE-- [fill = 0]
                  01005000    0000003c                  : BIOS.obj (.text:ti_sysbios_family_arm_m3_Timer_setPeriodMicroSecs__E)
                  0100503c    0000003c     release_pem4.oem4 (.text:ti_sysbios_knl_Clock_create)
                  01005078    0000003c     sysbios.aem4 : BIOS.obj (.text:ti_sysbios_knl_Clock_walkQueuePeriodic__E)
                  010050b4    00000004     --HOLE-- [fill = 0]
                  010050b8    0000003c                  : BIOS.obj (.text:ti_sysbios_knl_Swi_restore__E)
                  010050f4    00000004     --HOLE-- [fill = 0]
                  010050f8    0000003c                  : BIOS.obj (.text:xdc_runtime_System_processAtExit__E)
                  01005134    0000003a     drivers_cc32xx.aem4 : PWMTimerCC32XX.oem4 (.text:getPowerMgrId)
                  0100516e    00000002     --HOLE-- [fill = 0]
                  01005170    00000038     driverlib.a : prcm.obj (.text:PRCMLPDSEnterKeepDebugIf)
                  010051a8    00000038     drivers_cc32xx.aem4 : PowerCC32XX.oem4 (.text:notify)
                  010051e0    00000038     sysbios.aem4 : BIOS.obj (.text:ti_sysbios_knl_Task_processVitalTaskFlag__I)
                  01005218    00000036     drivers_cc32xx.aem4 : PowerCC32XX.oem4 (.text:PowerCC32XX_restoreParkedPin)
                  0100524e    00000036                         : UARTCC32XX.oem4 (.text:UARTCC32XX_readCancel)
                  01005284    00000034     driverlib.a : pin.obj (.text:PinModeGet)
                  010052b8    00000034     drivers_cc32xx.aem4 : PowerCC32XX.oem4 (.text:PowerCC32XX_restoreParkState)
                  010052ec    00000034                         : TimerCC32XX.oem4 (.text:TimerCC32XX_freeTimerResource)
                  01005320    00000034     sysbios.aem4 : BIOS.obj (.text:_pthread_delete$41)
                  01005354    00000034     drivers_cc32xx.aem4 : TimerCC32XX.oem4 (.text:getPowerMgrId)
                  01005388    00000034     sysbios.aem4 : BIOS.obj (.text:ti_sysbios_family_arm_m3_Timer_periodicStub__I)
                  010053bc    00000034     release_pem4.oem4 (.text:ti_sysbios_knl_Semaphore_create)
                  010053f0    00000032     sysbios.aem4 : BIOS.obj (.text:ti_sysbios_hal_Hwi_initStack)
                  01005422    00000006     driverlib.a : utils.obj (.text:UtilsDelay)
                  01005428    00000032     sysbios.aem4 : BIOS.obj (.text:ti_sysbios_knl_Semaphore_pendTimeout__I)
                  0100545a    00000006     --HOLE-- [fill = 0]
                  01005460    00000030                  : BIOS.obj (.text:pthread_setcancelstate)
                  01005490    00000030     release_pem4.oem4 (.text:ti_sysbios_BIOS_atExitFunc__I)
                  010054c0    00000030     release_pem4.oem4 (.text:ti_sysbios_BIOS_startFunc__I)
                  010054f0    00000030     sysbios.aem4 : BIOS.obj (.text:ti_sysbios_family_arm_m3_TaskSupport_start__E)
                  01005520    00000030     release_pem4.oem4 (.text:ti_sysbios_gates_GateHwi_Object__create__S)
                  01005550    00000030     release_pem4.oem4 (.text:ti_sysbios_gates_GateMutex_Object__create__S)
                  01005580    00000030     sysbios.aem4 : BIOS.obj (.text:ti_sysbios_gates_GateMutex_enter__E)
                  010055b0    00000030     release_pem4.oem4 (.text:ti_sysbios_heaps_HeapMem_Object__create__S)
                  010055e0    00000030     release_pem4.oem4 (.text:ti_sysbios_knl_Semaphore_construct)
                  01005610    0000002c     drivers_cc32xx.aem4 : PowerCC32XX.oem4 (.text:PowerCC32XX_getParkState)
                  0100563c    00000004     --HOLE-- [fill = 0]
                  01005640    0000002c     sysbios.aem4 : BIOS.obj (.text:_pthread_cleanupFxn)
                  0100566c    0000002c     release_pem4.oem4 (.text:ti_sysbios_knl_Clock_doTick__I)
                  01005698    0000002c     release_pem4.oem4 (.text:ti_sysbios_knl_Queue_construct)
                  010056c4    00000004     --HOLE-- [fill = 0]
                  010056c8    0000002c     sysbios.aem4 : BIOS.obj (.text:ti_sysbios_knl_Task_restore__E)
                  010056f4    00000028     driverlib.a : prcm.obj (.text:PRCMPeripheralClkDisable)
                  0100571c    00000028     dpl_cc32xx.aem4 : PowerCC32XX_tirtos.oem4 (.text:PowerCC32XX_initPolicy)
                  01005744    00000028     drivers_cc32xx.aem4 : PowerCC32XX.oem4 (.text:Power_registerNotify)
                  0100576c    00000004     --HOLE-- [fill = 0]
                  01005770    00000028     sysbios.aem4 : BIOS.obj (.text:ti_sysbios_knl_Clock_addI__E)
                  01005798    00000028                  : BIOS.obj (.text:ti_sysbios_knl_Swi_Module_startup__E)
                  010057c0    00000026     drivers_cc32xx.aem4 : List.oem4 (.text:List_put)
                  010057e6    00000026                         : List.oem4 (.text:List_remove)
                  0100580c    00000004     --HOLE-- [fill = 0]
                  01005810    00000024     sysbios.aem4 : BIOS.obj (.text:pthread_attr_init)
                  01005834    00000024     release_pem4.oem4 (.text:ti_sysbios_BIOS_registerRTSLock__I)
                  01005858    00000024     release_pem4.oem4 (.text:ti_sysbios_BIOS_removeRTSLock__I)
                  0100587c    00000004     --HOLE-- [fill = 0]
                  01005880    00000024     sysbios.aem4 : BIOS.obj (.text:ti_sysbios_family_arm_m3_Timer_Module_startup__E)
                  010058a4    00000004     --HOLE-- [fill = 0]
                  010058a8    00000024                  : BIOS.obj (.text:ti_sysbios_family_arm_m3_Timer_postInit__I)
                  010058cc    00000004     --HOLE-- [fill = 0]
                  010058d0    00000024                  : BIOS.obj (.text:ti_sysbios_family_arm_m3_Timer_startup__E)
                  010058f4    00000024     release_pem4.oem4 (.text:ti_sysbios_gates_GateMutex_Object__delete__S)
                  01005918    00000024     sysbios.aem4 : BIOS.obj (.text:ti_sysbios_knl_Clock_Module_startup__E)
                  0100593c    00000024     release_pem4.oem4 (.text:ti_sysbios_knl_Clock_Object__delete__S)
                  01005960    00000024     sysbios.aem4 : BIOS.obj (.text:ti_sysbios_knl_Clock_start__E)
                  01005984    00000004     --HOLE-- [fill = 0]
                  01005988    00000024                  : BIOS.obj (.text:ti_sysbios_knl_Semaphore_Instance_init__E)
                  010059ac    00000024     release_pem4.oem4 (.text:ti_sysbios_knl_Semaphore_Object__delete__S)
                  010059d0    00000024     sysbios.aem4 : BIOS.obj (.text:ti_sysbios_knl_Task_restoreHwi__E)
                  010059f4    00000004     --HOLE-- [fill = 0]
                  010059f8    00000024                  : BIOS.obj (.text:xdc_runtime_Error_policyMin__E)
                  01005a1c    00000020     drivers_cc32xx.aem4 : PowerCC32XX.oem4 (.text:Power_unregisterNotify)
                  01005a3c    00000020                         : RingBuf.oem4 (.text:RingBuf_peek)
                  01005a5c    00000020                         : UARTCC32XX.oem4 (.text:getPowerMgrId)
                  01005a7c    00000020     release_pem4.oem4 (.text:ti_sysbios_BIOS_rtsLock__I)
                  01005a9c    00000020     release_pem4.oem4 (.text:ti_sysbios_family_arm_m3_Hwi_Object__delete__S)
                  01005abc    00000020     sysbios.aem4 : m3_Hwi_asm.obj (.text:ti_sysbios_family_arm_m3_Hwi_excHandlerAsm__I)
                  01005adc    00000004     --HOLE-- [fill = 0]
                  01005ae0    00000020                  : BIOS.obj (.text:ti_sysbios_family_arm_m3_Hwi_excHandler__I)
                  01005b00    00000020     release_pem4.oem4 (.text:ti_sysbios_gates_GateHwi_Object__delete__S)
                  01005b20    00000020     release_pem4.oem4 (.text:ti_sysbios_heaps_HeapMem_Object__delete__S)
                  01005b40    00000020     sysbios.aem4 : BIOS.obj (.text:ti_sysbios_knl_Idle_run__E)
                  01005b60    00000020     release_pem4.oem4 (.text:ti_sysbios_knl_Semaphore_destruct)
                  01005b80    00000020     release_pem4.oem4 (.text:ti_sysbios_knl_Task_Object__delete__S)
                  01005ba0    0000001e     sysbios.aem4 : m3_Hwi_asm_switch.obj (.text:ti_sysbios_family_xxx_Hwi_switchAndRunFunc)
                  01005bbe    00000002     --HOLE-- [fill = 0]
                  01005bc0    0000001c     driverlib.a : pin.obj (.text:PinToPadGet)
                  01005bdc    00000004     --HOLE-- [fill = 0]
                  01005be0    0000001c     sysbios.aem4 : BIOS.obj (.text:ti_sysbios_family_arm_m3_Timer_stop__E)
                  01005bfc    00000004     --HOLE-- [fill = 0]
                  01005c00    0000001c                  : BIOS.obj (.text:ti_sysbios_gates_GateMutex_Instance_init__E)
                  01005c1c    00000004     --HOLE-- [fill = 0]
                  01005c20    0000001c                  : BIOS.obj (.text:ti_sysbios_knl_Clock_Instance_finalize__E)
                  01005c3c    0000001c     release_pem4.oem4 (.text:ti_sysbios_knl_Queue_destruct)
                  01005c58    0000001c     sysbios.aem4 : BIOS.obj (.text:ti_sysbios_knl_Queue_put__E)
                  01005c74    00000004     --HOLE-- [fill = 0]
                  01005c78    0000001c                  : BIOS.obj (.text:ti_sysbios_knl_Task_enter__I)
                  01005c94    0000001a                  : m3_Hwi_asm.obj (.text:ti_sysbios_family_arm_m3_Hwi_pendSV__I)
                  01005cae    00000002     --HOLE-- [fill = 0]
                  01005cb0    0000001a                  : BIOS.obj (.text:ti_sysbios_knl_Task_sleepTimeout__I)
                  01005cca    00000002     --HOLE-- [fill = 0]
                  01005ccc    00000018     drivers_cc32xx.aem4 : PowerCC32XX.oem4 (.text:Power_idleFunc)
                  01005ce4    00000018     driverlib.a : uart.obj (.text:UARTBusy)
                  01005cfc    00000018                 : uart.obj (.text:UARTIntEnable)
                  01005d14    00000018     drivers_cc32xx.aem4 : UART.oem4 (.text:UART_Params_init)
                  01005d2c    00000018     rtsv7M4_T_le_eabi.lib : args_main.c.obj (.text:_args_main)
                  01005d44    00000018                           : ll_mul_t2.asm.obj (.text)
                  01005d5c    00000018     release_pem4.oem4 (.text:ti_sysbios_BIOS_rtsUnlock__I)
                  01005d74    00000018     release_pem4.oem4 (.text:ti_sysbios_family_arm_m3_Hwi_Module__startupDone__F)
                  01005d8c    00000018     release_pem4.oem4 (.text:ti_sysbios_family_arm_m3_Timer_Module__startupDone__F)
                  01005da4    00000018     release_pem4.oem4 (.text:ti_sysbios_gates_GateHwi_Handle__label__S)
                  01005dbc    00000018     release_pem4.oem4 (.text:ti_sysbios_gates_GateMutex_Handle__label__S)
                  01005dd4    00000004     --HOLE-- [fill = 0]
                  01005dd8    00000018     sysbios.aem4 : BIOS.obj (.text:ti_sysbios_gates_GateMutex_leave__E)
                  01005df0    00000018     release_pem4.oem4 (.text:ti_sysbios_heaps_HeapMem_Handle__label__S)
                  01005e08    00000018     sysbios.aem4 : BIOS.obj (.text:ti_sysbios_rts_ti_ReentSupport_getReent__F)
                  01005e20    00000018     release_pem4.oem4 (.text:ti_sysbios_rts_ti_ReentSupport_getTlsAddr__I)
                  01005e38    00000018     sysbios.aem4 : BIOS.obj (.text:xdc_runtime_Error_init__E)
                  01005e50    00000018                  : BIOS.obj (.text:xdc_runtime_System_exit__E)
                  01005e68    00000016     driverlib.a : prcm.obj (.text:PRCMHIBRegRead)
                  01005e7e    00000016                 : prcm.obj (.text:PRCMHIBRegWrite)
                  01005e94    00000016     release_pem4.oem4 (.text:ti_sysbios_BIOS_exitFunc__I)
                  01005eaa    00000002     --HOLE-- [fill = 0]
                  01005eac    00000014     drivers_cc32xx.aem4 : PWM.oem4 (.text:PWM_Params_init)
                  01005ec0    00000014                         : PowerCC32XX.oem4 (.text:Power_getDependencyCount)
                  01005ed4    00000004     --HOLE-- [fill = 0]
                  01005ed8    00000014     sysbios.aem4 : BIOS.obj (.text:pthread_attr_setschedparam)
                  01005eec    00000014     drivers_cc32xx.aem4 : UARTCC32XX.oem4 (.text:releasePowerConstraint)
                  01005f00    00000014     release_pem4.oem4 (.text:ti_sysbios_family_arm_m3_Hwi_Object__get__S)
                  01005f14    00000004     --HOLE-- [fill = 0]
                  01005f18    00000014     sysbios.aem4 : BIOS.obj (.text:ti_sysbios_family_arm_m3_Hwi_switchFromBootStack__E)
                  01005f2c    00000014     release_pem4.oem4 (.text:ti_sysbios_heaps_HeapMem_Object__get__S)
                  01005f40    00000014     sysbios.aem4 : BIOS.obj (.text:ti_sysbios_knl_Clock_tickReconfig__E)
                  01005f54    00000014     release_pem4.oem4 (.text:ti_sysbios_knl_Swi_Object__get__S)
                  01005f68    00000012     drivers_cc32xx.aem4 : RingBuf.oem4 (.text:RingBuf_construct)
                  01005f7a    00000012     dpl_cc32xx.aem4 : SemaphoreP_tirtos.oem4 (.text:SemaphoreP_pend)
                  01005f8c    00000012     drivers_cc32xx.aem4 : PWMTimerCC32XX.oem4 (.text:postNotifyFxn)
                  01005f9e    00000002     --HOLE-- [fill = 0]
                  01005fa0    00000012     sysbios.aem4 : BIOS.obj (.text:ti_sysbios_hal_Hwi_Module_startup__E)
                  01005fb2    00000012     release_pem4.oem4 (.text:xdc_runtime_Startup_exec__I)
                  01005fc4    00000010     dpl_cc32xx.aem4 : HwiP_tirtos.oem4 (.text:HwiP_Params_init)
                  01005fd4    00000010     drivers_cc32xx.aem4 : UARTCC32XX.oem4 (.text:readBlockingTimeout)
                  01005fe4    00000004     --HOLE-- [fill = 0]
                  01005fe8    00000010     sysbios.aem4 : BIOS.obj (.text:ti_sysbios_BIOS_getCpuFreq__E)
                  01005ff8    00000010                  : BIOS.obj (.text:ti_sysbios_BIOS_setThreadType__E)
                  01006008    00000010                  : BIOS.obj (.text:ti_sysbios_BIOS_start__E)
                  01006018    00000010                  : m3_TaskSupport_asm.obj (.text:ti_sysbios_family_arm_m3_TaskSupport_glue)
                  01006028    00000010                  : m3_TaskSupport_asm.obj (.text:ti_sysbios_family_arm_m3_TaskSupport_swap__E)
                  01006038    00000010                  : BIOS.obj (.text:ti_sysbios_gates_GateMutex_Instance_finalize__E)
                  01006048    00000010     release_pem4.oem4 (.text:ti_sysbios_knl_Mailbox_Object__get__S)
                  01006058    00000010     sysbios.aem4 : BIOS.obj (.text:ti_sysbios_knl_Semaphore_Instance_finalize__E)
                  01006068    00000010                  : BIOS.obj (.text:ti_sysbios_knl_Swi_disable__E)
                  01006078    00000010     release_pem4.oem4 (.text:ti_sysbios_knl_Task_Object__get__S)
                  01006088    00000010     sysbios.aem4 : BIOS.obj (.text:ti_sysbios_knl_Task_disable__E)
                  01006098    00000010                  : BIOS.obj (.text:xdc_runtime_Memory_free__E)
                  010060a8    00000010                  : BIOS.obj (.text:xdc_runtime_SysCallback_abort__E)
                  010060b8    00000010                  : BIOS.obj (.text:xdc_runtime_SysCallback_exit__E)
                  010060c8    0000000e     rtsv7M4_T_le_eabi.lib : copy_decompress_none.c.obj (.text:decompress:none:__TI_decompress_none)
                  010060d6    00000002     --HOLE-- [fill = 0]
                  010060d8    0000000e     sysbios.aem4 : BIOS.obj (.text:pthread_attr_setdetachstate)
                  010060e6    00000002     --HOLE-- [fill = 0]
                  010060e8    0000000e                  : BIOS.obj (.text:ti_sysbios_knl_Idle_loop__E)
                  010060f6    00000002     --HOLE-- [fill = 0]
                  010060f8    0000000e                  : BIOS.obj (.text:ti_sysbios_knl_Queue_empty__E)
                  01006106    0000000c     CC3220SF_LAUNCHXL.obj (.text:CC3220SF_LAUNCHXL_initGeneral)
                  01006112    0000000c     dpl_cc32xx.aem4 : ClockP_tirtos.oem4 (.text:ClockP_delete)
                  0100611e    0000000c                     : HwiP_tirtos.oem4 (.text:HwiP_delete)
                  0100612a    00000002     --HOLE-- [fill = 0]
                  0100612c    0000000c     drivers_cc32xx.aem4 : PowerCC32XX.oem4 (.text:Power_getConstraintMask)
                  01006138    0000000c     dpl_cc32xx.aem4 : SemaphoreP_tirtos.oem4 (.text:SemaphoreP_delete)
                  01006144    0000000c     rtsv7M4_T_le_eabi.lib : _lock.c.obj (.text:_register_lock)
                  01006150    0000000c                           : _lock.c.obj (.text:_register_unlock)
                  0100615c    0000000c                           : copy_zero_init.c.obj (.text:decompress:ZI:__TI_zero_init)
                  01006168    0000000c     drivers_cc32xx.aem4 : UARTCC32XX.oem4 (.text:postNotifyFxn)
                  01006174    0000000c     release_pem4.oem4 (.text:ti_sysbios_family_arm_m3_Hwi_Params__init__S)
                  01006180    0000000c     sysbios.aem4 : BIOS.obj (.text:ti_sysbios_family_arm_m3_Hwi_disableFxn__E)
                  0100618c    00000004     --HOLE-- [fill = 0]
                  01006190    0000000c                  : BIOS.obj (.text:ti_sysbios_family_arm_m3_TaskSupport_getStackAlignment__E)
                  0100619c    00000004     --HOLE-- [fill = 0]
                  010061a0    0000000c                  : BIOS.obj (.text:ti_sysbios_gates_GateHwi_enter__E)
                  010061ac    0000000c     release_pem4.oem4 (.text:ti_sysbios_knl_Clock_Params__init__S)
                  010061b8    0000000c     sysbios.aem4 : BIOS.obj (.text:ti_sysbios_knl_Clock_getTicks__E)
                  010061c4    00000004     --HOLE-- [fill = 0]
                  010061c8    0000000c                  : BIOS.obj (.text:ti_sysbios_knl_Clock_setTicks__E)
                  010061d4    00000004     --HOLE-- [fill = 0]
                  010061d8    0000000c                  : BIOS.obj (.text:ti_sysbios_knl_Clock_tickStart__E)
                  010061e4    00000004     --HOLE-- [fill = 0]
                  010061e8    0000000c                  : BIOS.obj (.text:ti_sysbios_knl_Clock_tickStop__E)
                  010061f4    0000000c     release_pem4.oem4 (.text:ti_sysbios_knl_Queue_Object__get__S)
                  01006200    0000000c     release_pem4.oem4 (.text:ti_sysbios_knl_Semaphore_Params__init__S)
                  0100620c    0000000c     release_pem4.oem4 (.text:ti_sysbios_knl_Task_Params__init__S)
                  01006218    0000000c     sysbios.aem4 : BIOS.obj (.text:ti_sysbios_knl_Task_self__E)
                  01006224    00000004     --HOLE-- [fill = 0]
                  01006228    0000000c                  : BIOS.obj (.text:ti_sysbios_rts_ti_ReentSupport_taskRegHook__I)
                  01006234    00000004     --HOLE-- [fill = 0]
                  01006238    0000000c                  : BIOS.obj (.text:xdc_runtime_Startup_rtsDone__E)
                  01006244    0000000a     dpl_cc32xx.aem4 : ClockP_tirtos.oem4 (.text:ClockP_Params_init)
                  0100624e    0000000a     drivers_cc32xx.aem4 : PWM.oem4 (.text:PWM_start)
                  01006258    0000000a                         : UART.oem4 (.text:UART_read)
                  01006262    0000000a                         : UART.oem4 (.text:UART_write)
                  0100626c    0000000a     release_pem4.oem4 (.text:xdc_runtime_IHeap_alloc)
                  01006276    0000000a     release_pem4.oem4 (.text:xdc_runtime_IHeap_free)
                  01006280    00000008     dpl_cc32xx.aem4 : SemaphoreP_tirtos.oem4 (.text:SemaphoreP_Params_init)
                  01006288    00000008     sysbios.aem4 : BIOS.obj (.text:pthread_attr_setstacksize)
                  01006290    00000008     drivers_cc32xx.aem4 : UARTCC32XX.oem4 (.text:readSemCallback)
                  01006298    00000008     sysbios.aem4 : BIOS.obj (.text:ti_sysbios_family_arm_m3_Hwi_doSwiRestore__I)
                  010062a0    00000008                  : BIOS.obj (.text:ti_sysbios_family_arm_m3_Hwi_startup__E)
                  010062a8    00000008     drivers_cc32xx.aem4 : UARTCC32XX.oem4 (.text:writeSemCallback)
                  010062b0    00000006     sysbios.aem4 : BIOS.obj (.text:ti_sysbios_family_arm_m3_Hwi_doTaskRestore__I)
                  010062b6    00000002     --HOLE-- [fill = 0]
                  010062b8    00000006                  : BIOS.obj (.text:ti_sysbios_family_arm_m3_Hwi_restoreFxn__E)
                  010062be    00000002     --HOLE-- [fill = 0]
                  010062c0    00000006                  : BIOS.obj (.text:ti_sysbios_gates_GateHwi_leave__E)
                  010062c6    00000002     --HOLE-- [fill = 0]
                  010062c8    00000006                  : BIOS.obj (.text:ti_sysbios_heaps_HeapMem_isBlocking__E)
                  010062ce    00000002     --HOLE-- [fill = 0]
                  010062d0    00000006                  : BIOS.obj (.text:ti_sysbios_knl_Clock_stop__E)
                  010062d6    00000002     --HOLE-- [fill = 0]
                  010062d8    00000006                  : BIOS.obj (.text:ti_sysbios_knl_Queue_Instance_init__E)
                  010062de    00000002     --HOLE-- [fill = 0]
                  010062e0    00000006                  : BIOS.obj (.text:ti_sysbios_knl_Swi_startup__E)
                  010062e6    00000002     --HOLE-- [fill = 0]
                  010062e8    00000006                  : BIOS.obj (.text:xdc_runtime_System_Module_startup__E)
                  010062ee    00000002     --HOLE-- [fill = 0]
                  010062f0    00000004                  : BIOS.obj (.text:__aeabi_errno_addr)
                  010062f4    00000004     --HOLE-- [fill = 0]
                  010062f8    00000004                  : BIOS.obj (.text:ti_sysbios_family_arm_m3_Timer_getMaxTicks__E)
                  010062fc    00000004     --HOLE-- [fill = 0]
                  01006300    00000004                  : BIOS.obj (.text:ti_sysbios_gates_GateHwi_query__E)
                  01006304    00000004     --HOLE-- [fill = 0]
                  01006308    00000004                  : BIOS.obj (.text:ti_sysbios_gates_GateMutex_query__E)
                  0100630c    00000004     --HOLE-- [fill = 0]
                  01006310    00000004                  : BIOS.obj (.text:ti_sysbios_knl_Clock_setTimeout__E)
                  01006314    00000004     --HOLE-- [fill = 0]
                  01006318    00000004                  : BIOS.obj (.text:ti_sysbios_knl_Task_startup__E)
                  0100631c    00000004     --HOLE-- [fill = 0]
                  01006320    00000002                  : BIOS.obj (.text:ti_sysbios_BIOS_linkedWithIncorrectBootLibrary__E)
                  01006322    00000006     --HOLE-- [fill = 0]
                  01006328    00000002                  : BIOS.obj (.text:ti_sysbios_gates_GateHwi_Instance_init__E)
                  0100632a    00000006     --HOLE-- [fill = 0]
                  01006330    00000002                  : BIOS.obj (.text:ti_sysbios_knl_Clock_logTick__E)
                  01006332    00000006     --HOLE-- [fill = 0]
                  01006338    00000002                  : BIOS.obj (.text:xdc_runtime_SysCallback_defaultAbort)
                  0100633a    00000006     --HOLE-- [fill = 0]
                  01006340    00000002                  : BIOS.obj (.text:xdc_runtime_SysCallback_defaultExit)
                  01006342    00000006     --HOLE-- [fill = 0]
                  01006348    00000002                  : BIOS.obj (.text:xdc_runtime_System_abortSpin__E)
                  0100634a    00000006     --HOLE-- [fill = 0]
                  01006350    00000002                  : BIOS.obj (.text:xdc_runtime_System_exitSpin__E)

.const     0    01006354    000008c6     
                  01006354    00000101     rtsv7M4_T_le_eabi.lib : ctype.c.obj (.const:.string:_ctypes_)
                  01006455    00000001     release_pem4.oem4 (.const:ti_sysbios_knl_Clock_tickMode__C)
                  01006456    00000002     release_pem4.oem4 (.const:ti_sysbios_family_arm_m3_Hwi_Module__id__C)
                  01006458    00000100     driverlib.a : pin.obj (.const:g_ulPinToPadMap)
                  01006558    000000a8                 : prcm.obj (.const:PRCM_PeriphRegsList)
                  01006600    00000048     release_pem4.oem4 (.const:.string)
                  01006648    00000048     CC3220SF_LAUNCHXL.obj (.const:uartCC3220SHWAttrs)
                  01006690    00000040     CC3220SF_LAUNCHXL.obj (.const:PowerCC32XX_config)
                  010066d0    0000003c     release_pem4.oem4 (.const:ti_sysbios_knl_Task_Object__PARAMS__C)
                  0100670c    00000030     release_pem4.oem4 (.const:ti_sysbios_family_arm_m3_Hwi_Object__PARAMS__C)
                  0100673c    00000028     drivers_cc32xx.aem4 : UARTCC32XX.oem4 (.const:UARTCC32XX_fxnTable)
                  01006764    00000028     release_pem4.oem4 (.const:ti_sysbios_heaps_HeapMem_Module__FXNS__C)
                  0100678c    00000024     drivers_cc32xx.aem4 : UART.oem4 (.const:UART_defaultParams)
                  010067b0    00000024     release_pem4.oem4 (.const:ti_sysbios_gates_GateHwi_Module__FXNS__C)
                  010067d4    00000024     release_pem4.oem4 (.const:ti_sysbios_gates_GateMutex_Module__FXNS__C)
                  010067f8    00000024     release_pem4.oem4 (.const:ti_sysbios_heaps_HeapMem_Object__PARAMS__C)
                  0100681c    00000024     release_pem4.oem4 (.const:ti_sysbios_knl_Clock_Object__PARAMS__C)
                  01006840    00000024     release_pem4.oem4 (.const:ti_sysbios_knl_Semaphore_Object__PARAMS__C)
                  01006864    00000020     drivers_cc32xx.aem4 : PWMTimerCC32XX.oem4 (.const:PWMTimerCC32XX_fxnTable)
                  01006884    00000020                         : PWMTimerCC32XX.oem4 (.const:gpioPinIndexes)
                  010068a4    00000020                         : UARTCC32XX.oem4 (.const:staticFxnTable)
                  010068c4    00000020     release_pem4.oem4 (.const:ti_sysbios_family_arm_m3_Hwi_Object__DESC__C)
                  010068e4    00000020     release_pem4.oem4 (.const:ti_sysbios_gates_GateHwi_Object__DESC__C)
                  01006904    00000020     release_pem4.oem4 (.const:ti_sysbios_gates_GateMutex_Object__DESC__C)
                  01006924    00000020     release_pem4.oem4 (.const:ti_sysbios_heaps_HeapMem_Object__DESC__C)
                  01006944    00000020     release_pem4.oem4 (.const:ti_sysbios_knl_Clock_Object__DESC__C)
                  01006964    00000020     release_pem4.oem4 (.const:ti_sysbios_knl_Queue_Object__DESC__C)
                  01006984    00000020     release_pem4.oem4 (.const:ti_sysbios_knl_Semaphore_Object__DESC__C)
                  010069a4    00000020     release_pem4.oem4 (.const:ti_sysbios_knl_Task_Object__DESC__C)
                  010069c4    00000020     release_pem4.oem4 (.const:xdc_runtime_Startup_sfxnTab__A)
                  010069e4    00000018     CC3220SF_LAUNCHXL.obj (.const:PWM_config)
                  010069fc    00000018     drivers_cc32xx.aem4 : PWM.oem4 (.const:PWM_defaultParams)
                  01006a14    00000018     CC3220SF_LAUNCHXL.obj (.const:UART_config)
                  01006a2c    00000018     release_pem4.oem4 (.const:ti_sysbios_gates_GateHwi_Object__PARAMS__C)
                  01006a44    00000018     release_pem4.oem4 (.const:ti_sysbios_gates_GateMutex_Object__PARAMS__C)
                  01006a5c    00000018     release_pem4.oem4 (.const:ti_sysbios_knl_Queue_Object__PARAMS__C)
                  01006a74    00000018     release_pem4.oem4 (.const:ti_sysbios_knl_Task_hooks__A)
                  01006a8c    00000014     drivers_cc32xx.aem4 : UARTCC32XX.oem4 (.const:parityType)
                  01006aa0    00000010                         : UARTCC32XX.oem4 (.const:dataLength)
                  01006ab0    00000010                         : PWMTimerCC32XX.oem4 (.const:gpioBaseAddresses)
                  01006ac0    00000010                         : PWMTimerCC32XX.oem4 (.const:timerBaseAddresses)
                  01006ad0    00000010     release_pem4.oem4 (.const:xdc_runtime_Startup_sfxnRts__A)
                  01006ae0    0000000d     CC3220SF_LAUNCHXL.obj (.const)
                  01006aed    00000001     release_pem4.oem4 (.const:ti_sysbios_knl_Clock_tickSource__C)
                  01006aee    00000002     release_pem4.oem4 (.const:ti_sysbios_family_arm_m3_Timer_Module__id__C)
                  01006af0    0000000c     release_pem4.oem4 (.const:xdc_runtime_Startup_firstFxns__A)
                  01006afc    00000008     CC3220SF_LAUNCHXL.obj (.const:pwmTimerCC3220SHWAttrs)
                  01006b04    00000008     drivers_cc32xx.aem4 : UARTCC32XX.oem4 (.const:stopBits)
                  01006b0c    00000008     release_pem4.oem4 (.const:ti_sysbios_knl_Idle_funcList__A)
                  01006b14    00000008     release_pem4.oem4 (.const:ti_sysbios_knl_Idle_funcList__C)
                  01006b1c    00000008     release_pem4.oem4 (.const:ti_sysbios_knl_Task_hooks__C)
                  01006b24    00000008     drivers_cc32xx.aem4 : PWMTimerCC32XX.oem4 (.const:timerHalves)
                  01006b2c    00000008     release_pem4.oem4 (.const:xdc_runtime_Startup_firstFxns__C)
                  01006b34    00000008     release_pem4.oem4 (.const:xdc_runtime_Startup_lastFxns__C)
                  01006b3c    00000004     release_pem4.oem4 (.const:ti_sysbios_family_arm_m3_Hwi_E_alreadyDefined__C)
                  01006b40    00000004     release_pem4.oem4 (.const:ti_sysbios_family_arm_m3_Hwi_NUM_INTERRUPTS__C)
                  01006b44    00000004     release_pem4.oem4 (.const:ti_sysbios_family_arm_m3_Hwi_Object__count__C)
                  01006b48    00000004     release_pem4.oem4 (.const:ti_sysbios_family_arm_m3_Hwi_ccr__C)
                  01006b4c    00000004     release_pem4.oem4 (.const:ti_sysbios_family_arm_m3_Hwi_excHandlerFunc__C)
                  01006b50    00000004     release_pem4.oem4 (.const:ti_sysbios_family_arm_m3_Hwi_nullIsrFunc__C)
                  01006b54    00000004     release_pem4.oem4 (.const:ti_sysbios_family_arm_m3_Hwi_priGroup__C)
                  01006b58    00000004     release_pem4.oem4 (.const:ti_sysbios_family_arm_m3_Hwi_swiDisable__C)
                  01006b5c    00000004     release_pem4.oem4 (.const:ti_sysbios_family_arm_m3_Hwi_swiRestoreHwi__C)
                  01006b60    00000004     release_pem4.oem4 (.const:ti_sysbios_family_arm_m3_TaskSupport_stackAlignment__C)
                  01006b64    00000004     release_pem4.oem4 (.const:ti_sysbios_family_arm_m3_Timer_E_cannotSupport__C)
                  01006b68    00000004     release_pem4.oem4 (.const:ti_sysbios_family_arm_m3_Timer_startupNeeded__C)
                  01006b6c    00000004     release_pem4.oem4 (.const:ti_sysbios_gates_GateMutex_Instance_State_sem__O)
                  01006b70    00000004     release_pem4.oem4 (.const:ti_sysbios_heaps_HeapMem_E_memory__C)
                  01006b74    00000004     release_pem4.oem4 (.const:ti_sysbios_heaps_HeapMem_Module__gateObj__C)
                  01006b78    00000004     release_pem4.oem4 (.const:ti_sysbios_heaps_HeapMem_Object__count__C)
                  01006b7c    00000004     release_pem4.oem4 (.const:ti_sysbios_heaps_HeapMem_primaryHeapBaseAddr__C)
                  01006b80    00000004     release_pem4.oem4 (.const:ti_sysbios_heaps_HeapMem_primaryHeapEndAddr__C)
                  01006b84    00000004     release_pem4.oem4 (.const:ti_sysbios_heaps_HeapMem_reqAlign__C)
                  01006b88    00000004     release_pem4.oem4 (.const:ti_sysbios_knl_Clock_Module_State_clockQ__O)
                  01006b8c    00000004     release_pem4.oem4 (.const:ti_sysbios_knl_Clock_tickPeriod__C)
                  01006b90    00000004     release_pem4.oem4 (.const:ti_sysbios_knl_Mailbox_Instance_State_freeQue__O)
                  01006b94    00000004     release_pem4.oem4 (.const:ti_sysbios_knl_Mailbox_Object__count__C)
                  01006b98    00000004     release_pem4.oem4 (.const:ti_sysbios_knl_Mailbox_maxTypeAlign__C)
                  01006b9c    00000004     release_pem4.oem4 (.const:ti_sysbios_knl_Semaphore_Instance_State_pendQ__O)
                  01006ba0    00000004     release_pem4.oem4 (.const:ti_sysbios_knl_Swi_Object__count__C)
                  01006ba4    00000004     release_pem4.oem4 (.const:ti_sysbios_knl_Task_Module_State_inactiveQ__O)
                  01006ba8    00000004     release_pem4.oem4 (.const:ti_sysbios_knl_Task_Object__count__C)
                  01006bac    00000004     release_pem4.oem4 (.const:ti_sysbios_knl_Task_Object__heap__C)
                  01006bb0    00000004     release_pem4.oem4 (.const:ti_sysbios_knl_Task_allBlockedFunc__C)
                  01006bb4    00000004     release_pem4.oem4 (.const:ti_sysbios_knl_Task_defaultStackHeap__C)
                  01006bb8    00000004     release_pem4.oem4 (.const:ti_sysbios_knl_Task_defaultStackSize__C)
                  01006bbc    00000004     release_pem4.oem4 (.const:ti_sysbios_knl_Task_numConstructedTasks__C)
                  01006bc0    00000004     release_pem4.oem4 (.const:xdc_runtime_Error_E_memory__C)
                  01006bc4    00000004     release_pem4.oem4 (.const:xdc_runtime_Error_policyFxn__C)
                  01006bc8    00000004     release_pem4.oem4 (.const:xdc_runtime_IGateProvider_Interface__BASE__C)
                  01006bcc    00000004     release_pem4.oem4 (.const:xdc_runtime_IHeap_Interface__BASE__C)
                  01006bd0    00000004     release_pem4.oem4 (.const:xdc_runtime_IModule_Interface__BASE__C)
                  01006bd4    00000004     release_pem4.oem4 (.const:xdc_runtime_Memory_defaultHeapInstance__C)
                  01006bd8    00000004     release_pem4.oem4 (.const:xdc_runtime_Startup_execImpl__C)
                  01006bdc    00000004     release_pem4.oem4 (.const:xdc_runtime_Startup_maxPasses__C)
                  01006be0    00000004     release_pem4.oem4 (.const:xdc_runtime_Startup_sfxnRts__C)
                  01006be4    00000004     release_pem4.oem4 (.const:xdc_runtime_Startup_sfxnTab__C)
                  01006be8    00000004     release_pem4.oem4 (.const:xdc_runtime_SysCallback_abortFxn__C)
                  01006bec    00000004     release_pem4.oem4 (.const:xdc_runtime_SysCallback_exitFxn__C)
                  01006bf0    00000004     release_pem4.oem4 (.const:xdc_runtime_System_Module__gateObj__C)
                  01006bf4    00000004     release_pem4.oem4 (.const:xdc_runtime_System_abortFxn__C)
                  01006bf8    00000004     release_pem4.oem4 (.const:xdc_runtime_System_exitFxn__C)
                  01006bfc    00000004     release_pem4.oem4 (.const:xdc_runtime_System_maxAtexitHandlers__C)
                  01006c00    00000004     release_pem4.oem4 (.const:xdc_runtime_Text_charTab__C)
                  01006c04    00000004     release_pem4.oem4 (.const:xdc_runtime_Text_nameEmpty__C)
                  01006c08    00000004     release_pem4.oem4 (.const:xdc_runtime_Text_nameStatic__C)
                  01006c0c    00000004     release_pem4.oem4 (.const:xdc_runtime_Text_nameUnknown__C)
                  01006c10    00000002     release_pem4.oem4 (.const:ti_sysbios_heaps_HeapMem_Module__id__C)
                  01006c12    00000002     release_pem4.oem4 (.const:xdc_runtime_Memory_Module__id__C)
                  01006c14    00000002     release_pem4.oem4 (.const:xdc_runtime_Text_charCnt__C)
                  01006c16    00000002     release_pem4.oem4 (.const:xdc_runtime_Text_isLoaded__C)
                  01006c18    00000001     release_pem4.oem4 (.const:xdc_runtime_Error_policy__C)
                  01006c19    00000001     release_pem4.oem4 (.const:xdc_runtime_Text_charTab__A)

.cinit     0    01006c20    00000240     
                  01006c20    0000021b     (.cinit..data.load) [load image, compression = lzss]
                  01006e3b    00000001     --HOLE-- [fill = 0]
                  01006e3c    0000000c     (__TI_handler_table)
                  01006e48    00000008     (.cinit..bss.load) [load image, compression = zero_init]
                  01006e50    00000010     (__TI_cinit_table)

.init_array 
*          0    01000800    00000000     UNINITIALIZED

.bss       0    20008310    00000824     UNINITIALIZED
                  20008310    0000030c     (.common:ti_sysbios_family_arm_m3_Hwi_dispatchTable)
                  2000861c    00000004     drivers_cc32xx.aem4 : TimerCC32XX.oem4 (.bss:timerState)
                  20008620    00000200     release_pem4.oem4 (.bss:taskStackSection)
                  20008820    0000012c     (.common:PowerCC32XX_contextSave)
                  2000894c    00000108     (.common:uartCC3220SObjects)
                  20008a54    00000048     (.common:pwmTimerCC3220SObjects)
                  20008a9c    00000040     (.common:uartCC3220SRingBuffer)
                  20008adc    00000024     (.common:uartParams)
                  20008b00    00000018     (.common:pwmParams)
                  20008b18    00000004     (.common:ClockP_tickPeriod)
                  20008b1c    00000004     (.common:printDist)
                  20008b20    00000004     (.common:servo0)
                  20008b24    00000004     (.common:servo1)
                  20008b28    00000004     (.common:ti_sysbios_knl_Task_Instance_State_0_hookEnv__A)
                  20008b2c    00000004     (.common:uart0)
                  20008b30    00000004     (.common:uart1)

.data      0    20008b34    000006b0     UNINITIALIZED
                  20008b34    0000016c     drivers_cc32xx.aem4 : PowerCC32XX.oem4 (.data:PowerCC32XX_module)
                  20008ca0    000000f8     CC3220SF_LAUNCHXL.obj (.data:parkInfo)
                  20008d98    00000088     sysbios.aem4 : BIOS.obj (.data:$O1$$)
                  20008e20    00000080     release_pem4.oem4 (.data:ti_sysbios_knl_Swi_Module_State_0_readyQ__A)
                  20008ea0    00000080     release_pem4.oem4 (.data:ti_sysbios_knl_Task_Module_State_0_readyQ__A)
                  20008f20    00000054     release_pem4.oem4 (.data:ti_sysbios_gates_GateMutex_Object__table__V)
                  20008f74    0000004c     release_pem4.oem4 (.data:ti_sysbios_knl_Task_Object__table__V)
                  20008fc0    00000044     release_pem4.oem4 (.data:ti_sysbios_knl_Task_Module__state__V)
                  20009004    00000034     release_pem4.oem4 (.data:ti_sysbios_family_arm_m3_Hwi_Module__state__V)
                  20009038    00000030     release_pem4.oem4 (.data:ti_sysbios_family_arm_m3_Timer_Object__table__V)
                  20009068    00000030     release_pem4.oem4 (.data:ti_sysbios_knl_Swi_Object__table__V)
                  20009098    0000002c     release_pem4.oem4 (.data:ti_sysbios_knl_Clock_Module__state__V)
                  200090c4    00000024     release_pem4.oem4 (.data:ti_sysbios_BIOS_Module__state__V)
                  200090e8    00000020     release_pem4.oem4 (.data:xdc_runtime_Error_IgnoreBlock)
                  20009108    0000001c     release_pem4.oem4 (.data:ti_sysbios_knl_Swi_Module__state__V)
                  20009124    00000018     release_pem4.oem4 (.data:ti_sysbios_family_arm_m3_Hwi_Object__table__V)
                  2000913c    00000018     release_pem4.oem4 (.data:ti_sysbios_heaps_HeapMem_Object__table__V)
                  20009154    0000000c     release_pem4.oem4 (.data:ti_sysbios_family_arm_m3_Timer_Module__state__V)
                  20009160    00000008     rtsv7M4_T_le_eabi.lib : _lock.c.obj (.data:$O1$$)
                  20009168    00000008     release_pem4.oem4 (.data:ti_sysbios_family_arm_m3_Hwi_Module__root__V)
                  20009170    00000008     release_pem4.oem4 (.data:ti_sysbios_gates_GateHwi_Module__root__V)
                  20009178    00000008     release_pem4.oem4 (.data:ti_sysbios_gates_GateMutex_Module__root__V)
                  20009180    00000008     release_pem4.oem4 (.data:ti_sysbios_heaps_HeapMem_Module__root__V)
                  20009188    00000008     release_pem4.oem4 (.data:ti_sysbios_knl_Clock_Module__root__V)
                  20009190    00000008     release_pem4.oem4 (.data:ti_sysbios_knl_Queue_Module__root__V)
                  20009198    00000008     release_pem4.oem4 (.data:ti_sysbios_knl_Semaphore_Module__root__V)
                  200091a0    00000008     release_pem4.oem4 (.data:ti_sysbios_knl_Task_Module__root__V)
                  200091a8    00000008     release_pem4.oem4 (.data:xdc_runtime_Startup_Module__state__V)
                  200091b0    00000008     release_pem4.oem4 (.data:xdc_runtime_System_Module_State_0_atexitHandlers__A)
                  200091b8    00000008     release_pem4.oem4 (.data:xdc_runtime_System_Module__state__V)
                  200091c0    00000004     rtsv7M4_T_le_eabi.lib : stkdepth_vars.c.obj (.data)
                  200091c4    00000004     release_pem4.oem4 (.data:ti_sysbios_family_arm_m3_Hwi_Module_State_0_excContext__A)
                  200091c8    00000004     release_pem4.oem4 (.data:ti_sysbios_family_arm_m3_Hwi_Module_State_0_excStack__A)
                  200091cc    00000004     release_pem4.oem4 (.data:ti_sysbios_gates_GateHwi_Object__table__V)
                  200091d0    00000004     release_pem4.oem4 (.data:ti_sysbios_knl_Task_Module_State_0_idleTask__A)
                  200091d4    00000004     release_pem4.oem4 (.data:ti_sysbios_rts_ti_ReentSupport_Module__state__V)
                  200091d8    00000004     uartecho.obj (.data)
                  200091dc    00000004     release_pem4.oem4 (.data:xdc_runtime_Memory_Module__state__V)
                  200091e0    00000002     release_pem4.oem4 (.data:ti_sysbios_family_arm_m3_Hwi_Module_State_0_excActive__A)
                  200091e2    00000001     drivers_cc32xx.aem4 : PWM.oem4 (.data)
                  200091e3    00000001                         : UART.oem4 (.data)

.priheap   0    20000310    00008000     UNINITIALIZED
                  20000310    00008000     --HOLE--

.stack     0    2003fc00    00000400     UNINITIALIZED
                  2003fc00    00000400     --HOLE--

.bootVecs 
*          0    00000000    00000008     DSECT
                  00000000    00000008     boot.aem4 : boot.oem4 (.bootVecs)

.resetVecs 
*          0    01000800    0000003c     
                  01000800    0000003c     release_pem4.oem4 (.resetVecs)

.vecs      0    20000000    0000030c     NOLOAD SECTION
                  20000000    0000030c     release_pem4.oem4 (.vecs)

xdc.meta   0    00000000    00000106     COPY SECTION
                  00000000    00000106     release_pem4.oem4 (xdc.meta)

xdc.noload 
*          0    00000000    00000000     COPY SECTION

.binit     0    01000000    00000000     

MODULE SUMMARY

       Module                       code    ro data   rw data
       ------                       ----    -------   -------
    .\
       CC3220SF_LAUNCHXL.obj        12      217       648    
       uartecho.obj                 556     0         84     
       main_tirtos.obj              104     0         0      
    +--+----------------------------+-------+---------+---------+
       Total:                       672     217       732    
                                                             
    C:\Users\karlb\workspace_v8\tirtos_builds_CC3220SF_LAUNCHXL_release_ccs\Debug\configPkg\package\cfg\
       release_pem4.oem4            1496    1140      3022   
    +--+----------------------------+-------+---------+---------+
       Total:                       1496    1140      3022   
                                                             
    C:/ti/simplelink_cc32xx_sdk_2_20_00_10/kernel/tirtos/packages/ti/dpl/lib/dpl_cc32xx.aem4
       PowerCC32XX_tirtos.oem4      444     0         0      
       ClockP_tirtos.oem4           118     0         4      
       SemaphoreP_tirtos.oem4       102     0         0      
       HwiP_tirtos.oem4             96      0         0      
    +--+----------------------------+-------+---------+---------+
       Total:                       760     0         4      
                                                             
    C:/ti/simplelink_cc32xx_sdk_2_20_00_10/source/ti/devices/cc32xx/driverlib/ccs/Release/driverlib.a
       prcm.obj                     1604    168       0      
       pin.obj                      144     256       0      
       flash.obj                    72      0         0      
       uart.obj                     48      0         0      
       utils.obj                    6       0         0      
    +--+----------------------------+-------+---------+---------+
       Total:                       1874    424       0      
                                                             
    C:/ti/simplelink_cc32xx_sdk_2_20_00_10/source/ti/drivers/lib/drivers_cc32xx.aem4
       UARTCC32XX.oem4              3384    116       0      
       PowerCC32XX.oem4             2312    0         664    
       PWMTimerCC32XX.oem4          1412    104       0      
       UART.oem4                    172     36        1      
       TimerCC32XX.oem4             184     0         4      
       RingBuf.oem4                 184     0         0      
       PWM.oem4                     158     24        1      
       PowerCC32XX_asm.oem4         150     0         0      
       List.oem4                    76      0         0      
    +--+----------------------------+-------+---------+---------+
       Total:                       8032    280       670    
                                                             
    C:\Users\karlb\workspace_v8\tirtos_builds_CC3220SF_LAUNCHXL_release_ccs\src\sysbios\sysbios.aem4
       BIOS.obj                     8530    0         136    
       m3_Hwi_asm.obj               262     0         0      
       m3_TaskSupport_asm.obj       108     0         0      
       m3_Hwi_asm_switch.obj        102     0         0      
    +--+----------------------------+-------+---------+---------+
       Total:                       9002    0         136    
                                                             
    C:\ti\ccsv8\tools\compiler\ti-cgt-arm_18.1.3.LTS\lib\rtsv7M4_T_le_eabi.lib
       strtol.c.obj                 304     0         0      
       ctype.c.obj                  0       257       0      
       memcpy_t2.asm.obj            156     0         0      
       ull_div_t2.asm.obj           150     0         0      
       memset_t2.asm.obj            122     0         0      
       copy_decompress_lzss.c.obj   104     0         0      
       cpy_tbl.c.obj                76      0         0      
       _lock.c.obj                  26      0         8      
       args_main.c.obj              24      0         0      
       ll_mul_t2.asm.obj            24      0         0      
       copy_decompress_none.c.obj   14      0         0      
       copy_zero_init.c.obj         12      0         0      
       stkdepth_vars.c.obj          0       0         4      
       div0.asm.obj                 2       0         0      
    +--+----------------------------+-------+---------+---------+
       Total:                       1014    257       12     
                                                             
    C:\ti\simplelink_cc32xx_sdk_2_20_00_10\kernel\tirtos\packages\ti\targets\arm\rtsarm\lib\auto_init.aem4
       auto_init.oem4               160     0         0      
    +--+----------------------------+-------+---------+---------+
       Total:                       160     0         0      
                                                             
    C:\ti\simplelink_cc32xx_sdk_2_20_00_10\kernel\tirtos\packages\ti\targets\arm\rtsarm\lib\boot.aem4
       boot.oem4                    68      0         0      
    +--+----------------------------+-------+---------+---------+
       Total:                       68      0         0      
                                                             
       Stack:                       0       0         1024   
       Linker Generated:            0       575       0      
    +--+----------------------------+-------+---------+---------+
       Grand Total:                 23078   2893      5600   


LINKER GENERATED COPY TABLES

__TI_cinit_table @ 01006e50 records: 2, size/record: 8, table size: 16
	.data: load addr=01006c20, load size=0000021b bytes, run addr=20008b34, run size=000006b0 bytes, compression=lzss
	.bss: load addr=01006e48, load size=00000008 bytes, run addr=20008310, run size=00000824 bytes, compression=zero_init


LINKER GENERATED HANDLER TABLE

__TI_handler_table @ 01006e3c records: 3, size/record: 4, table size: 12
	index: 0, handler: __TI_decompress_lzss
	index: 1, handler: __TI_decompress_none
	index: 2, handler: __TI_zero_init


GLOBAL SYMBOLS: SORTED ALPHABETICALLY BY Name 

address   name                                                            
-------   ----                                                            
01006ae0  ADC_count                                                       
01000000  Board_debugHeader                                               
01006107  CC3220SF_LAUNCHXL_initGeneral                                   
01006ae1  Capture_count                                                   
01006245  ClockP_Params_init                                              
010043c1  ClockP_create                                                   
01006113  ClockP_delete                                                   
010012bd  ClockP_getCpuFreq                                               
010061b9  ClockP_getSystemTicks                                           
01001745  ClockP_setTimeout                                               
01001c2d  ClockP_start                                                    
01001d1d  ClockP_stop                                                     
20008b18  ClockP_tickPeriod                                               
01006ae2  CryptoCC32XX_count                                              
01006ae3  Display_count                                                   
010047bd  FlashDisable                                                    
00008000  HEAPSIZE                                                        
01005fc5  HwiP_Params_init                                                
01004d4d  HwiP_create                                                     
0100611f  HwiP_delete                                                     
0100300d  HwiP_disable                                                    
010062b9  HwiP_restore                                                    
01006ae4  I2C_count                                                       
01006ae5  I2S_count                                                       
010057c1  List_put                                                        
010057e7  List_remove                                                     
01000841  PRCMCC3200MCUInit                                               
01005e69  PRCMHIBRegRead                                                  
01005e7f  PRCMHIBRegWrite                                                 
01004805  PRCMLPDSEnter                                                   
01005171  PRCMLPDSEnterKeepDebugIf                                        
01004ad9  PRCMLPDSRestoreInfoSet                                          
010056f5  PRCMPeripheralClkDisable                                        
0100484d  PRCMPeripheralClkEnable                                         
0100416d  PRCMPeripheralReset                                             
01003ed1  PRCMSysResetCauseGet                                            
010032dd  PWMTimerCC32XX_close                                            
01001b3b  PWMTimerCC32XX_control                                          
01006864  PWMTimerCC32XX_fxnTable                                         
01002107  PWMTimerCC32XX_init                                             
0100195d  PWMTimerCC32XX_open                                             
01002339  PWMTimerCC32XX_setDuty                                          
01002d21  PWMTimerCC32XX_setPeriod                                        
01003b9d  PWMTimerCC32XX_start                                            
01001ebd  PWMTimerCC32XX_stop                                             
01005ead  PWM_Params_init                                                 
010069e4  PWM_config                                                      
01006ae6  PWM_count                                                       
010069fc  PWM_defaultParams                                               
01004b1d  PWM_init                                                        
01004e91  PWM_open                                                        
0100624f  PWM_start                                                       
01005285  PinModeGet                                                      
01004d8d  PinModeSet                                                      
01005bc1  PinToPadGet                                                     
01006690  PowerCC32XX_config                                              
01002765  PowerCC32XX_configureWakeup                                     
20008820  PowerCC32XX_contextSave                                         
01004b61  PowerCC32XX_enterLPDS                                           
01005611  PowerCC32XX_getParkState                                        
0100571d  PowerCC32XX_initPolicy                                          
20008b34  PowerCC32XX_module                                              
0100431d  PowerCC32XX_parkPin                                             
010052b9  PowerCC32XX_restoreParkState                                    
01005219  PowerCC32XX_restoreParkedPin                                    
0100436f  PowerCC32XX_resumeLPDS                                          
01003d3d  PowerCC32XX_setParkState                                        
01000ee5  PowerCC32XX_sleepPolicy                                         
0100612d  Power_getConstraintMask                                         
01005ec1  Power_getDependencyCount                                        
01005ccd  Power_idleFunc                                                  
01003479  Power_init                                                      
01005745  Power_registerNotify                                            
01004895  Power_releaseConstraint                                         
010041c5  Power_releaseDependency                                         
01004ecd  Power_setConstraint                                             
0100368d  Power_setDependency                                             
0100162d  Power_sleep                                                     
01005a1d  Power_unregisterNotify                                          
01005f69  RingBuf_construct                                               
01004dcd  RingBuf_get                                                     
01005a3d  RingBuf_peek                                                    
01004a91  RingBuf_put                                                     
01006ae7  SDFatFS_count                                                   
01006ae8  SD_count                                                        
UNDEFED   SHT$$INIT_ARRAY$$Base                                           
UNDEFED   SHT$$INIT_ARRAY$$Limit                                          
01006ae9  SPI_count                                                       
01006281  SemaphoreP_Params_init                                          
01004f09  SemaphoreP_create                                               
01006139  SemaphoreP_delete                                               
01005f7b  SemaphoreP_pend                                                 
01003365  SemaphoreP_post                                                 
01004411  TimerCC32XX_allocateTimerResource                               
010052ed  TimerCC32XX_freeTimerResource                                   
01006aea  Timer_count                                                     
01005ce5  UARTBusy                                                        
010013f1  UARTCC32XX_close                                                
01001a4d  UARTCC32XX_control                                              
0100673c  UARTCC32XX_fxnTable                                             
01002b47  UARTCC32XX_init                                                 
01000c6d  UARTCC32XX_open                                                 
01004e0d  UARTCC32XX_read                                                 
0100524f  UARTCC32XX_readCancel                                           
010021c5  UARTCC32XX_readPolling                                          
01002045  UARTCC32XX_write                                                
01003cd5  UARTCC32XX_writeCancel                                          
01003e6d  UARTCC32XX_writePolling                                         
01005cfd  UARTIntEnable                                                   
01005d15  UART_Params_init                                                
01006a14  UART_config                                                     
01006aeb  UART_count                                                      
0100678c  UART_defaultParams                                              
01004ba5  UART_init                                                       
01004f45  UART_open                                                       
01006259  UART_read                                                       
01006263  UART_write                                                      
01005423  UtilsDelay                                                      
01006aec  Watchdog_count                                                  
00000000  __ASM__                                                         
0000007f  __ISA__                                                         
00000092  __PLAT__                                                        
20040000  __STACK_END                                                     
00000400  __STACK_SIZE                                                    
000000b9  __TARG__                                                        
01006e50  __TI_CINIT_Base                                                 
01006e60  __TI_CINIT_Limit                                                
01006e3c  __TI_Handler_Table_Base                                         
01006e48  __TI_Handler_Table_Limit                                        
01002b49  __TI_auto_init                                                  
01003c05  __TI_decompress_lzss                                            
010060c9  __TI_decompress_none                                            
ffffffff  __TI_pprof_out_hndl                                             
ffffffff  __TI_prof_data_size                                             
ffffffff  __TI_prof_data_start                                            
01006c20  __TI_static_base__                                              
0100615d  __TI_zero_init                                                  
000000de  __TRDR__                                                        
010062f1  __aeabi_errno_addr                                              
0100324f  __aeabi_idiv0                                                   
0100324f  __aeabi_ldiv0                                                   
01005d45  __aeabi_lmul                                                    
0100378d  __aeabi_memclr                                                  
0100378d  __aeabi_memclr4                                                 
0100378d  __aeabi_memclr8                                                 
01002c85  __aeabi_memcpy                                                  
[...]
01006059  ti_sysbios_knl_Semaphore_Instance_finalize__E                   
01006069  ti_sysbios_knl_Swi_disable__E                                   
01006079  ti_sysbios_knl_Task_Object__get__S                              
01006089  ti_sysbios_knl_Task_disable__E                                  
01006099  xdc_runtime_Memory_free__E                                      
010060a9  xdc_runtime_SysCallback_abort__E                                
010060a9  xdc_runtime_System_SupportProxy_abort__E                        
010060b9  xdc_runtime_SysCallback_exit__E                                 
010060b9  xdc_runtime_System_SupportProxy_exit__E                         
010060c9  __TI_decompress_none                                            
010060d9  pthread_attr_setdetachstate                                     
010060e9  ti_sysbios_knl_Idle_loop__E                                     
010060f9  ti_sysbios_knl_Queue_empty__E                                   
01006107  CC3220SF_LAUNCHXL_initGeneral                                   
01006113  ClockP_delete                                                   
0100611f  HwiP_delete                                                     
0100612d  Power_getConstraintMask                                         
01006139  SemaphoreP_delete                                               
01006145  _register_lock                                                  
01006151  _register_unlock                                                
0100615d  __TI_zero_init                                                  
01006175  ti_sysbios_family_arm_m3_Hwi_Params__init__S                    
01006175  ti_sysbios_hal_Hwi_HwiProxy_Params__init__S                     
01006181  ti_sysbios_family_arm_m3_Hwi_disableFxn__E                      
01006181  ti_sysbios_hal_Hwi_HwiProxy_disable__E                          
01006191  ti_sysbios_family_arm_m3_TaskSupport_getStackAlignment__E       
01006191  ti_sysbios_knl_Task_SupportProxy_getStackAlignment__E           
010061a1  ti_sysbios_gates_GateHwi_enter__E                               
010061ad  ti_sysbios_knl_Clock_Params__init__S                            
010061b9  ClockP_getSystemTicks                                           
010061b9  ti_sysbios_knl_Clock_getTicks__E                                
010061c9  ti_sysbios_knl_Clock_setTicks__E                                
010061d9  ti_sysbios_knl_Clock_tickStart__E                               
010061e9  ti_sysbios_knl_Clock_tickStop__E                                
010061f5  ti_sysbios_knl_Queue_Object__get__S                             
01006201  ti_sysbios_knl_Semaphore_Params__init__S                        
0100620d  ti_sysbios_knl_Task_Params__init__S                             
01006219  ti_sysbios_knl_Task_self__E                                     
01006229  ti_sysbios_rts_ti_ReentSupport_taskRegHook__I                   
01006239  xdc_runtime_Startup_rtsDone__E                                  
01006245  ClockP_Params_init                                              
0100624f  PWM_start                                                       
01006259  UART_read                                                       
01006263  UART_write                                                      
0100626d  xdc_runtime_Memory_HeapProxy_alloc__E                           
01006277  xdc_runtime_Memory_HeapProxy_free__E                            
01006281  SemaphoreP_Params_init                                          
01006289  pthread_attr_setstacksize                                       
01006299  ti_sysbios_family_arm_m3_Hwi_doSwiRestore__I                    
010062a1  ti_sysbios_family_arm_m3_Hwi_startup__E                         
010062a1  ti_sysbios_hal_Hwi_HwiProxy_startup__E                          
010062a1  ti_sysbios_hal_Hwi_startup__E                                   
010062b1  ti_sysbios_family_arm_m3_Hwi_doTaskRestore__I                   
010062b9  HwiP_restore                                                    
010062b9  ti_sysbios_family_arm_m3_Hwi_restoreFxn__E                      
010062b9  ti_sysbios_hal_Hwi_HwiProxy_restore__E                          
010062c1  ti_sysbios_gates_GateHwi_leave__E                               
010062c9  ti_sysbios_heaps_HeapMem_isBlocking__E                          
010062d1  ti_sysbios_knl_Clock_stop__E                                    
010062d9  ti_sysbios_knl_Queue_Instance_init__E                           
010062e1  ti_sysbios_knl_Swi_startup__E                                   
010062e9  xdc_runtime_System_Module_startup__E                            
010062f1  __aeabi_errno_addr                                              
010062f9  ti_sysbios_family_arm_m3_Timer_getMaxTicks__E                   
01006301  ti_sysbios_gates_GateHwi_query__E                               
01006301  xdc_runtime_Main_Module_GateProxy_query__E                      
01006301  xdc_runtime_System_Module_GateProxy_query__E                    
01006309  ti_sysbios_BIOS_RtsGateProxy_query__E                           
01006309  ti_sysbios_gates_GateMutex_query__E                             
01006309  ti_sysbios_heaps_HeapMem_Module_GateProxy_query__E              
01006311  ti_sysbios_knl_Clock_setTimeout__E                              
01006319  ti_sysbios_knl_Task_startup__E                                  
01006321  ti_sysbios_BIOS_linkedWithIncorrectBootLibrary__E               
01006329  ti_sysbios_gates_GateHwi_Instance_init__E                       
01006331  ti_sysbios_knl_Clock_logTick__E                                 
01006339  xdc_runtime_SysCallback_defaultAbort                            
01006341  xdc_runtime_SysCallback_defaultExit                             
01006349  xdc_runtime_System_abortSpin__E                                 
01006351  xdc_runtime_System_exitSpin__E                                  
01006354  _ctypes_                                                        
01006455  ti_sysbios_knl_Clock_tickMode__C                                
01006456  ti_sysbios_family_arm_m3_Hwi_Module__id__C                      
01006648  uartCC3220SHWAttrs                                              
01006690  PowerCC32XX_config                                              
010066d0  ti_sysbios_knl_Task_Object__PARAMS__C                           
0100670c  ti_sysbios_family_arm_m3_Hwi_Object__PARAMS__C                  
0100673c  UARTCC32XX_fxnTable                                             
01006764  ti_sysbios_heaps_HeapMem_Module__FXNS__C                        
0100678c  UART_defaultParams                                              
010067b0  ti_sysbios_gates_GateHwi_Module__FXNS__C                        
010067d4  ti_sysbios_gates_GateMutex_Module__FXNS__C                      
010067f8  ti_sysbios_heaps_HeapMem_Object__PARAMS__C                      
0100681c  ti_sysbios_knl_Clock_Object__PARAMS__C                          
01006840  ti_sysbios_knl_Semaphore_Object__PARAMS__C                      
01006864  PWMTimerCC32XX_fxnTable                                         
010068c4  ti_sysbios_family_arm_m3_Hwi_Object__DESC__C                    
010068e4  ti_sysbios_gates_GateHwi_Object__DESC__C                        
01006904  ti_sysbios_gates_GateMutex_Object__DESC__C                      
01006924  ti_sysbios_heaps_HeapMem_Object__DESC__C                        
01006944  ti_sysbios_knl_Clock_Object__DESC__C                            
01006964  ti_sysbios_knl_Queue_Object__DESC__C                            
01006984  ti_sysbios_knl_Semaphore_Object__DESC__C                        
010069a4  ti_sysbios_knl_Task_Object__DESC__C                             
010069c4  xdc_runtime_Startup_sfxnTab__A                                  
010069e4  PWM_config                                                      
010069fc  PWM_defaultParams                                               
01006a14  UART_config                                                     
01006a2c  ti_sysbios_gates_GateHwi_Object__PARAMS__C                      
01006a44  ti_sysbios_gates_GateMutex_Object__PARAMS__C                    
01006a5c  ti_sysbios_knl_Queue_Object__PARAMS__C                          
01006a74  ti_sysbios_knl_Task_hooks__A                                    
01006ad0  xdc_runtime_Startup_sfxnRts__A                                  
01006ae0  ADC_count                                                       
01006ae1  Capture_count                                                   
01006ae2  CryptoCC32XX_count                                              
01006ae3  Display_count                                                   
01006ae4  I2C_count                                                       
01006ae5  I2S_count                                                       
01006ae6  PWM_count                                                       
01006ae7  SDFatFS_count                                                   
01006ae8  SD_count                                                        
01006ae9  SPI_count                                                       
01006aea  Timer_count                                                     
01006aeb  UART_count                                                      
01006aec  Watchdog_count                                                  
01006aed  ti_sysbios_knl_Clock_tickSource__C                              
01006aee  ti_sysbios_family_arm_m3_Timer_Module__id__C                    
01006af0  xdc_runtime_Startup_firstFxns__A                                
01006afc  pwmTimerCC3220SHWAttrs                                          
01006b0c  ti_sysbios_knl_Idle_funcList__A                                 
01006b14  ti_sysbios_knl_Idle_funcList__C                                 
01006b1c  ti_sysbios_knl_Task_hooks__C                                    
01006b2c  xdc_runtime_Startup_firstFxns__C                                
01006b34  xdc_runtime_Startup_lastFxns__C                                 
01006b3c  ti_sysbios_family_arm_m3_Hwi_E_alreadyDefined__C                
01006b40  ti_sysbios_family_arm_m3_Hwi_NUM_INTERRUPTS__C                  
01006b44  ti_sysbios_family_arm_m3_Hwi_Object__count__C                   
01006b48  ti_sysbios_family_arm_m3_Hwi_ccr__C                             
01006b4c  ti_sysbios_family_arm_m3_Hwi_excHandlerFunc__C                  
01006b50  ti_sysbios_family_arm_m3_Hwi_nullIsrFunc__C                     
01006b54  ti_sysbios_family_arm_m3_Hwi_priGroup__C                        
01006b58  ti_sysbios_family_arm_m3_Hwi_swiDisable__C                      
01006b5c  ti_sysbios_family_arm_m3_Hwi_swiRestoreHwi__C                   
01006b60  ti_sysbios_family_arm_m3_TaskSupport_stackAlignment__C          
01006b64  ti_sysbios_family_arm_m3_Timer_E_cannotSupport__C               
01006b68  ti_sysbios_family_arm_m3_Timer_startupNeeded__C                 
01006b6c  ti_sysbios_gates_GateMutex_Instance_State_sem__O                
01006b70  ti_sysbios_heaps_HeapMem_E_memory__C                            
01006b74  ti_sysbios_heaps_HeapMem_Module__gateObj__C                     
01006b78  ti_sysbios_heaps_HeapMem_Object__count__C                       
01006b7c  ti_sysbios_heaps_HeapMem_primaryHeapBaseAddr__C                 
01006b80  ti_sysbios_heaps_HeapMem_primaryHeapEndAddr__C                  
01006b84  ti_sysbios_heaps_HeapMem_reqAlign__C                            
01006b88  ti_sysbios_knl_Clock_Module_State_clockQ__O                     
01006b8c  ti_sysbios_knl_Clock_tickPeriod__C                              
01006b90  ti_sysbios_knl_Mailbox_Instance_State_freeQue__O                
01006b94  ti_sysbios_knl_Mailbox_Object__count__C                         
01006b98  ti_sysbios_knl_Mailbox_maxTypeAlign__C                          
01006b9c  ti_sysbios_knl_Semaphore_Instance_State_pendQ__O                
01006ba0  ti_sysbios_knl_Swi_Object__count__C                             
01006ba4  ti_sysbios_knl_Task_Module_State_inactiveQ__O                   
01006ba8  ti_sysbios_knl_Task_Object__count__C                            
01006bac  ti_sysbios_knl_Task_Object__heap__C                             
01006bb0  ti_sysbios_knl_Task_allBlockedFunc__C                           
01006bb4  ti_sysbios_knl_Task_defaultStackHeap__C                         
01006bb8  ti_sysbios_knl_Task_defaultStackSize__C                         
01006bbc  ti_sysbios_knl_Task_numConstructedTasks__C                      
01006bc0  xdc_runtime_Error_E_memory__C                                   
01006bc4  xdc_runtime_Error_policyFxn__C                                  
01006bc8  xdc_runtime_IGateProvider_Interface__BASE__C                    
01006bcc  xdc_runtime_IHeap_Interface__BASE__C                            
01006bd0  xdc_runtime_IModule_Interface__BASE__C                          
01006bd4  xdc_runtime_Memory_defaultHeapInstance__C                       
01006bd8  xdc_runtime_Startup_execImpl__C                                 
01006bdc  xdc_runtime_Startup_maxPasses__C                                
01006be0  xdc_runtime_Startup_sfxnRts__C                                  
01006be4  xdc_runtime_Startup_sfxnTab__C                                  
01006be8  xdc_runtime_SysCallback_abortFxn__C                             
01006bec  xdc_runtime_SysCallback_exitFxn__C                              
01006bf0  xdc_runtime_System_Module__gateObj__C                           
01006bf4  xdc_runtime_System_abortFxn__C                                  
01006bf8  xdc_runtime_System_exitFxn__C                                   
01006bfc  xdc_runtime_System_maxAtexitHandlers__C                         
01006c00  xdc_runtime_Text_charTab__C                                     
01006c04  xdc_runtime_Text_nameEmpty__C                                   
01006c08  xdc_runtime_Text_nameStatic__C                                  
01006c0c  xdc_runtime_Text_nameUnknown__C                                 
01006c10  ti_sysbios_heaps_HeapMem_Module__id__C                          
01006c12  xdc_runtime_Memory_Module__id__C                                
01006c14  xdc_runtime_Text_charCnt__C                                     
01006c16  xdc_runtime_Text_isLoaded__C                                    
01006c18  xdc_runtime_Error_policy__C                                     
01006c19  xdc_runtime_Text_charTab__A                                     
01006c20  __TI_static_base__                                              
01006e3c  __TI_Handler_Table_Base                                         
01006e48  __TI_Handler_Table_Limit                                        
01006e50  __TI_CINIT_Base                                                 
01006e60  __TI_CINIT_Limit                                                
20000000  ti_sysbios_family_arm_m3_Hwi_ramVectors                         
20000310  __primary_heap_start__                                          
20008310  __primary_heap_end__                                            
20008310  ti_sysbios_family_arm_m3_Hwi_dispatchTable                      
20008620  ti_sysbios_knl_Task_Instance_State_0_stack__A                   
20008820  PowerCC32XX_contextSave                                         
2000894c  uartCC3220SObjects                                              
20008a54  pwmTimerCC3220SObjects                                          
20008a9c  uartCC3220SRingBuffer                                           
20008adc  uartParams                                                      
20008b00  pwmParams                                                       
20008b18  ClockP_tickPeriod                                               
20008b1c  printDist                                                       
20008b20  servo0                                                          
20008b24  servo1                                                          
20008b28  ti_sysbios_knl_Task_Instance_State_0_hookEnv__A                 
20008b2c  uart0                                                           
20008b30  uart1                                                           
20008b34  PowerCC32XX_module                                              
20008ca0  parkInfo                                                        
20008e20  ti_sysbios_knl_Swi_Module_State_0_readyQ__A                     
20008ea0  ti_sysbios_knl_Task_Module_State_0_readyQ__A                    
20008f20  ti_sysbios_gates_GateMutex_Object__table__V                     
20008f74  ti_sysbios_knl_Task_Object__table__V                            
20008fc0  ti_sysbios_knl_Task_Module__state__V                            
20009004  ti_sysbios_family_arm_m3_Hwi_Module__state__V                   
20009038  ti_sysbios_family_arm_m3_Timer_Object__table__V                 
20009068  ti_sysbios_knl_Swi_Object__table__V                             
20009098  ti_sysbios_knl_Clock_Module__state__V                           
200090c4  ti_sysbios_BIOS_Module__state__V                                
200090e8  xdc_runtime_Error_IgnoreBlock                                   
20009108  ti_sysbios_knl_Swi_Module__state__V                             
20009124  ti_sysbios_family_arm_m3_Hwi_Object__table__V                   
2000913c  ti_sysbios_heaps_HeapMem_Object__table__V                       
20009154  ti_sysbios_family_arm_m3_Timer_Module__state__V                 
20009160  _lock                                                           
20009164  _unlock                                                         
20009168  ti_sysbios_family_arm_m3_Hwi_Module__root__V                    
20009170  ti_sysbios_gates_GateHwi_Module__root__V                        
20009178  ti_sysbios_gates_GateMutex_Module__root__V                      
20009180  ti_sysbios_heaps_HeapMem_Module__root__V                        
20009188  ti_sysbios_knl_Clock_Module__root__V                            
20009190  ti_sysbios_knl_Queue_Module__root__V                            
20009198  ti_sysbios_knl_Semaphore_Module__root__V                        
200091a0  ti_sysbios_knl_Task_Module__root__V                             
200091a8  xdc_runtime_Startup_Module__state__V                            
200091b0  xdc_runtime_System_Module_State_0_atexitHandlers__A             
200091b8  xdc_runtime_System_Module__state__V                             
200091c0  main_func_sp                                                    
200091c4  ti_sysbios_family_arm_m3_Hwi_Module_State_0_excContext__A       
200091c8  ti_sysbios_family_arm_m3_Hwi_Module_State_0_excStack__A         
200091cc  ti_sysbios_gates_GateHwi_Object__table__V                       
200091d0  ti_sysbios_knl_Task_Module_State_0_idleTask__A                  
200091d4  ti_sysbios_rts_ti_ReentSupport_Module__state__V                 
200091d8  dist                                                            
200091dc  xdc_runtime_Memory_Module__state__V                             
200091e0  ti_sysbios_family_arm_m3_Hwi_Module_State_0_excActive__A        
2003fc00  __stack                                                         
20040000  __STACK_END                                                     
e000e000  ti_sysbios_family_arm_m3_Hwi_nvic                               
ffffffff  __TI_pprof_out_hndl                                             
ffffffff  __TI_prof_data_size                                             
ffffffff  __TI_prof_data_start                                            
ffffffff  __binit__                                                       
ffffffff  __c_args__                                                      
ffffffff  binit                                                           
UNDEFED   SHT$$INIT_ARRAY$$Base                                           
UNDEFED   SHT$$INIT_ARRAY$$Limit                                          

[568 symbols]
